
> crm-backend@1.0.0 test
> cross-env NODE_ENV=test jest

  console.log
    Γ£à Database connected: D:\CRM\backend\database\test_crm.db

      at Object.log (config/database.js:9:9)

  console.log
    Running Migrations for Test DB...

      at Object.log (tests/setup.js:8:17)

  console.log
    Γ£à Database connected: D:\CRM\backend\database\test_crm.db

      at Object.log (config/database.js:9:9)

  console.log
    Running Migrations for Test DB...

      at Object.log (tests/setup.js:8:17)

Using environment: [35mtest[39m
Using environment: [35mtest[39m
[33mmigration file "20260202123923_01_initial_schema.js" failed[39m
[33mmigration failed with error: create table `employees` (`employee_id` integer not null primary key autoincrement, `name` varchar(255) not null, `mobile` varchar(255) not null, `email` varchar(255) not null, `password_hash` varchar(255) not null, `role` text check (`role` in ('Admin', 'Agent')) default 'Agent', `status` text check (`status` in ('Active', 'Inactive')) default 'Active', `last_login` datetime, `created_at` datetime not null default CURRENT_TIMESTAMP, `updated_at` datetime not null default CURRENT_TIMESTAMP) - table `employees` already exists[39m
node.exe : 
[31mcreate table 
`employees` 
(`employee_id` 
integer not null 
primary key 
autoincrement, 
`name` varchar(255) 
not null, `mobile` 
varchar(255) not 
null, `email` 
varchar(255) not 
null, 
`password_hash` 
varchar(255) not 
null, `role` text 
check (`role` in 
('Admin', 'Agent')) 
default 'Agent', 
`status` text check 
(`status` in 
('Active', 
'Inactive')) default 
'Active', 
`last_login` 
datetime, 
`created_at` 
datetime not null 
default 
CURRENT_TIMESTAMP, 
`updated_at` 
datetime not null 
default 
CURRENT_TIMESTAMP) - 
table `employees` 
already exists[39m
At line:1 char:1
+ & "C:\Program Files
\nodejs/node.exe" "C:
\Users\Admin\AppData\
Roaming\ ...
+ ~~~~~~~~~~~~~~~~~~~
~~~~~~~~~~~~~~~~~~~~~
~~~~~~~~~~~~~~~~~~~~~
~~~~~~~~
    + CategoryInfo   
           : NotSpe  
  cified: ([31mcr   
 eate tab...ady e    
xists[39m:Strin    
g) [], RemoteExc    
eption
    + FullyQualified 
   ErrorId : Native  
  CommandError
 
[31mSqliteError: 
create table 
`employees` 
(`employee_id` 
integer not null 
primary key 
autoincrement, 
`name` varchar(255) 
not null, `mobile` 
varchar(255) not 
null, `email` 
varchar(255) not 
null, 
`password_hash` 
varchar(255) not 
null, `role` text 
check (`role` in 
('Admin', 'Agent')) 
default 'Agent', 
`status` text check 
(`status` in 
('Active', 
'Inactive')) default 
'Active', 
`last_login` 
datetime, 
`created_at` 
datetime not null 
default 
CURRENT_TIMESTAMP, 
`updated_at` 
datetime not null 
default 
CURRENT_TIMESTAMP) - 
table `employees` 
already exists
    at 
Database.prepare (D:\
CRM\backend\node_modu
les\better-sqlite3\li
b\methods\wrappers.js
:5:21)
    at Client_BetterS
QLite3._query (D:\CRM
\backend\node_modules
\knex\lib\dialects\be
tter-sqlite3\index.js
:35:34)
    at executeQuery (
D:\CRM\backend\node_m
odules\knex\lib\execu
tion\internal\query-e
xecutioner.js:37:17)
    at Client_BetterS
QLite3.query (D:\CRM\
backend\node_modules\
knex\lib\client.js:15
4:12)
    at D:\CRM\backend
\node_modules\knex\li
b\execution\transacti
on.js:375:24
    at new Promise 
(<anonymous>)
    at 
trxClient.query (D:\C
RM\backend\node_modul
es\knex\lib\execution
\transaction.js:370:1
2)
    at Runner.query (
D:\CRM\backend\node_m
odules\knex\lib\execu
tion\runner.js:141:36
)
    at 
Runner.queryArray (D:
\CRM\backend\node_mod
ules\knex\lib\executi
on\runner.js:235:21)
    at 
Runner.queryArray (D:
\CRM\backend\node_mod
ules\knex\lib\executi
on\runner.js:287:31)
[39m
[33mmigration file "20260202123923_01_initial_schema.js" failed[39m
[33mmigration failed with error: create table `employees` (`employee_id` integer not null primary key autoincrement, `name` varchar(255) not null, `mobile` varchar(255) not null, `email` varchar(255) not null, `password_hash` varchar(255) not null, `role` text check (`role` in ('Admin', 'Agent')) default 'Agent', `status` text check (`status` in ('Active', 'Inactive')) default 'Active', `last_login` datetime, `created_at` datetime not null default CURRENT_TIMESTAMP, `updated_at` datetime not null default CURRENT_TIMESTAMP) - table `employees` already exists[39m
[31mcreate table 
`employees` 
(`employee_id` 
integer not null 
primary key 
autoincrement, 
`name` varchar(255) 
not null, `mobile` 
varchar(255) not 
null, `email` 
varchar(255) not 
null, 
`password_hash` 
varchar(255) not 
null, `role` text 
check (`role` in 
('Admin', 'Agent')) 
default 'Agent', 
`status` text check 
(`status` in 
('Active', 
'Inactive')) default 
'Active', 
`last_login` 
datetime, 
`created_at` 
datetime not null 
default 
CURRENT_TIMESTAMP, 
`updated_at` 
datetime not null 
default 
CURRENT_TIMESTAMP) - 
table `employees` 
already exists[39m
[31mSqliteError: 
create table 
`employees` 
(`employee_id` 
integer not null 
primary key 
autoincrement, 
`name` varchar(255) 
not null, `mobile` 
varchar(255) not 
null, `email` 
varchar(255) not 
null, 
`password_hash` 
varchar(255) not 
null, `role` text 
check (`role` in 
('Admin', 'Agent')) 
default 'Agent', 
`status` text check 
(`status` in 
('Active', 
'Inactive')) default 
'Active', 
`last_login` 
datetime, 
`created_at` 
datetime not null 
default 
CURRENT_TIMESTAMP, 
`updated_at` 
datetime not null 
default 
CURRENT_TIMESTAMP) - 
table `employees` 
already exists
    at 
Database.prepare (D:\
CRM\backend\node_modu
les\better-sqlite3\li
b\methods\wrappers.js
:5:21)
    at Client_BetterS
QLite3._query (D:\CRM
\backend\node_modules
\knex\lib\dialects\be
tter-sqlite3\index.js
:35:34)
    at executeQuery (
D:\CRM\backend\node_m
odules\knex\lib\execu
tion\internal\query-e
xecutioner.js:37:17)
    at Client_BetterS
QLite3.query (D:\CRM\
backend\node_modules\
knex\lib\client.js:15
4:12)
    at D:\CRM\backend
\node_modules\knex\li
b\execution\transacti
on.js:375:24
    at new Promise 
(<anonymous>)
    at 
trxClient.query (D:\C
RM\backend\node_modul
es\knex\lib\execution
\transaction.js:370:1
2)
    at Runner.query (
D:\CRM\backend\node_m
odules\knex\lib\execu
tion\runner.js:141:36
)
    at 
Runner.queryArray (D:
\CRM\backend\node_mod
ules\knex\lib\executi
on\runner.js:235:21)
    at 
Runner.queryArray (D:
\CRM\backend\node_mod
ules\knex\lib\executi
on\runner.js:287:31)
[39m
  console.error
    Γ¥î Failed to run test migrations: Error: Command failed: npx knex migrate:latest --env test
        at genericNodeError (node:internal/errors:985:15)
        at wrappedFn (node:internal/errors:539:14)
        at checkExecSyncError (node:child_process:925:11)
        at execSync (node:child_process:997:15)
        at Object.execSync (D:\CRM\backend\tests\setup.js:10:9)
        at Runtime._execModule (D:\CRM\backend\node_modules\jest-runtime\build\index.js:1268:24)
        at Runtime._loadModule (D:\CRM\backend\node_modules\jest-runtime\build\index.js:944:12)
        at Runtime.requireModule (D:\CRM\backend\node_modules\jest-runtime\build\index.js:832:12)
        at jestAdapter (D:\CRM\backend\node_modules\jest-circus\build\runner.js:84:33)
        at processTicksAndRejections (node:internal/process/task_queues:103:5)
        at runTestInternal (D:\CRM\backend\node_modules\jest-runner\build\testWorker.js:275:16)
        at runTest (D:\CRM\backend\node_modules\jest-runner\build\testWorker.js:343:7)
        at Object.worker (D:\CRM\backend\node_modules\jest-runner\build\testWorker.js:497:12) {
      status: 1,
      signal: null,
      output: [ null, null, null ],
      pid: 6132,
      stdout: null,
      stderr: null
    }

    [0m [90m 14 |[39m         console[33m.[39mlog([32m'Γ£à Migrations Clean.'[39m)[33m;[39m
     [90m 15 |[39m     } [36mcatch[39m (error) {
    [31m[1m>[22m[39m[90m 16 |[39m         console[33m.[39merror([32m'Γ¥î Failed to run test migrations:'[39m[33m,[39m error)[33m;[39m
     [90m    |[39m                 [31m[1m^[22m[39m
     [90m 17 |[39m         [36mthrow[39m error[33m;[39m
     [90m 18 |[39m     }
     [90m 19 |[39m }[0m

      at Object.error (tests/setup.js:16:17)

FAIL 
tests/health.test.js
  ΓùÅ Test suite 
failed to run

    Command failed: 
npx knex 
migrate:latest --env 
test

    [0m [90m  8 
|[39m         consol
e[33m.[39mlog([32m
'Running Migrations 
for Test DB...'[39m)
[33m;[39m
     [90m  9 |[39m 
        [90m// Run 
knex migration 
(synchronously to 
ensure tables exist 
before tests 
start)[39m
    [31m[1m>[22m[
39m[90m 10 |[39m   
      
execSync([32m'npx 
knex migrate:latest 
--env test'[39m[33m
,[39m {
     [90m    |[39m 
        
[31m[1m^[22m[39m
     [90m 11 |[39m 
            
cwd[33m:[39m path[
33m.[39mresolve(__di
rname[33m,[39m [32
m'..'[39m)[33m,[39
m [90m// backend 
root[39m
     [90m 12 |[39m 
            
stdio[33m:[39m 
[32m'inherit'[39m
     [90m 13 |[39m 
        
})[33m;[39m[0m

      at 
Object.execSync 
(tests/setup.js:10:9)

  console.error
    Γ¥î Failed to run test migrations: Error: Command failed: npx knex migrate:latest --env test
        at genericNodeError (node:internal/errors:985:15)
        at wrappedFn (node:internal/errors:539:14)
        at checkExecSyncError (node:child_process:925:11)
        at execSync (node:child_process:997:15)
        at Object.execSync (D:\CRM\backend\tests\setup.js:10:9)
        at Runtime._execModule (D:\CRM\backend\node_modules\jest-runtime\build\index.js:1268:24)
        at Runtime._loadModule (D:\CRM\backend\node_modules\jest-runtime\build\index.js:944:12)
        at Runtime.requireModule (D:\CRM\backend\node_modules\jest-runtime\build\index.js:832:12)
        at jestAdapter (D:\CRM\backend\node_modules\jest-circus\build\runner.js:84:33)
        at processTicksAndRejections (node:internal/process/task_queues:103:5)
        at runTestInternal (D:\CRM\backend\node_modules\jest-runner\build\testWorker.js:275:16)
        at runTest (D:\CRM\backend\node_modules\jest-runner\build\testWorker.js:343:7)
        at Object.worker (D:\CRM\backend\node_modules\jest-runner\build\testWorker.js:497:12) {
      status: 1,
      signal: null,
      output: [ null, null, null ],
      pid: 12784,
      stdout: null,
      stderr: null
    }

    [0m [90m 14 |[39m         console[33m.[39mlog([32m'Γ£à Migrations Clean.'[39m)[33m;[39m
     [90m 15 |[39m     } [36mcatch[39m (error) {
    [31m[1m>[22m[39m[90m 16 |[39m         console[33m.[39merror([32m'Γ¥î Failed to run test migrations:'[39m[33m,[39m error)[33m;[39m
     [90m    |[39m                 [31m[1m^[22m[39m
     [90m 17 |[39m         [36mthrow[39m error[33m;[39m
     [90m 18 |[39m     }
     [90m 19 |[39m }[0m

      at Object.error (tests/setup.js:16:17)

FAIL 
tests/auth.test.js
  ΓùÅ Test suite 
failed to run

    Command failed: 
npx knex 
migrate:latest --env 
test

    [0m [90m  8 
|[39m         consol
e[33m.[39mlog([32m
'Running Migrations 
for Test DB...'[39m)
[33m;[39m
     [90m  9 |[39m 
        [90m// Run 
knex migration 
(synchronously to 
ensure tables exist 
before tests 
start)[39m
    [31m[1m>[22m[
39m[90m 10 |[39m   
      
execSync([32m'npx 
knex migrate:latest 
--env test'[39m[33m
,[39m {
     [90m    |[39m 
        
[31m[1m^[22m[39m
     [90m 11 |[39m 
            
cwd[33m:[39m path[
33m.[39mresolve(__di
rname[33m,[39m [32
m'..'[39m)[33m,[39
m [90m// backend 
root[39m
     [90m 12 |[39m 
            
stdio[33m:[39m 
[32m'inherit'[39m
     [90m 13 |[39m 
        
})[33m;[39m[0m

      at 
Object.execSync 
(tests/setup.js:10:9)

Test Suites: 2 
failed, 2 total
Tests:       0 total
Snapshots:   0 total
Time:        3.214 s
Ran all test suites.
Force exiting Jest: 
Have you considered 
using `--detectOpenHa
ndles` to detect 
async operations 
that kept running 
after all tests 
finished?
